RAM Allocation [bytes]
Variable                                                                          Address   Size
------------------------------------------------------------------------------------------------
time                                                                              0x0260      17
_base_y (alcd.lib)                                                                0x0271       4
_lcd_maxx                                                                         0x0275       1

EEPROM Allocation [bytes]
Variable                                                                          Address   Size
------------------------------------------------------------------------------------------------

Register Allocation
Variable                                                                          Register  Size
------------------------------------------------------------------------------------------------
compteur                                                                          R5           1
compteur2                                                                         R4           1
compteur3                                                                         R7           1
compteur4                                                                         R6           1
quartet                                                                           R9           1
quartet2                                                                          R8           1
quartet3                                                                          R11          1
quartet4                                                                          R10          1
_lcd_x                                                                            R13          1
_lcd_y                                                                            R12          1

FLASH Allocation [words]
Function                                                                          Address   Size
------------------------------------------------------------------------------------------------
main                                                                              0x00075    108
_lcd_write_nibble_G100                                                            0x000E1     21
_lcd_write_data                                                                   0x000F6     13
lcd_gotoxy                                                                        0x00103     18
lcd_clear                                                                         0x00115     10
lcd_putchar                                                                       0x0011F     22
lcd_puts                                                                          0x00135     15
lcd_init                                                                          0x00144     44
