RAM Allocation [bytes]
Variable                                                                          Address   Size
------------------------------------------------------------------------------------------------
ligne1                                                                            0x0260      17
ligne2                                                                            0x0271      17
_base_y (alcd.lib)                                                                0x0282       4

EEPROM Allocation [bytes]
Variable                                                                          Address   Size
------------------------------------------------------------------------------------------------

Register Allocation
Variable                                                                          Register  Size
------------------------------------------------------------------------------------------------
lecture                                                                           R5           1
touche                                                                            R4           1
_lcd_x                                                                            R7           1
_lcd_y                                                                            R6           1
_lcd_maxx                                                                         R9           1

FLASH Allocation [words]
Function                                                                          Address   Size
------------------------------------------------------------------------------------------------
ext_int0_isr                                                                      0x0007D     41
main                                                                              0x000A6    194
_lcd_write_nibble_G100                                                            0x00168     21
_lcd_write_data                                                                   0x0017D     13
lcd_gotoxy                                                                        0x0018A     18
lcd_clear                                                                         0x0019C     10
lcd_putchar                                                                       0x001A6     19
lcd_puts                                                                          0x001B9     15
lcd_init                                                                          0x001C8     43
